Preparing the VM...
Deploying the new version...
[0;34m Deploying green on port 8082 [0m
Starting /app/green on port 8082
[0;32m Deployment successful! Current color is now green [0m
